###############################################################################
#
# IAR ELF Linker V8.32.1.169/W32 for ARM                  12/Mar/2025  22:57:15
# Copyright 2007-2018 IAR Systems AB.
#
#    Output file  =  
#        E:\Work\CodeGit\STM32F103RCT6\Prj\IAR\Debug\Exe\STM32F103RCT6.out
#    Map file     =  
#        E:\Work\CodeGit\STM32F103RCT6\Prj\IAR\Debug\List\STM32F103RCT6.map
#    Command line =  
#        -f C:\Users\ADMINI~1\AppData\Local\Temp\EW363F.tmp
#        (E:\Work\CodeGit\STM32F103RCT6\Prj\IAR\Debug\Obj\main.o
#        E:\Work\CodeGit\STM32F103RCT6\Prj\IAR\Debug\Obj\misc.o
#        E:\Work\CodeGit\STM32F103RCT6\Prj\IAR\Debug\Obj\startup_stm32f10x_hd.o
#        E:\Work\CodeGit\STM32F103RCT6\Prj\IAR\Debug\Obj\stm32f10x_adc.o
#        E:\Work\CodeGit\STM32F103RCT6\Prj\IAR\Debug\Obj\stm32f10x_bkp.o
#        E:\Work\CodeGit\STM32F103RCT6\Prj\IAR\Debug\Obj\stm32f10x_can.o
#        E:\Work\CodeGit\STM32F103RCT6\Prj\IAR\Debug\Obj\stm32f10x_cec.o
#        E:\Work\CodeGit\STM32F103RCT6\Prj\IAR\Debug\Obj\stm32f10x_crc.o
#        E:\Work\CodeGit\STM32F103RCT6\Prj\IAR\Debug\Obj\stm32f10x_dac.o
#        E:\Work\CodeGit\STM32F103RCT6\Prj\IAR\Debug\Obj\stm32f10x_dbgmcu.o
#        E:\Work\CodeGit\STM32F103RCT6\Prj\IAR\Debug\Obj\stm32f10x_dma.o
#        E:\Work\CodeGit\STM32F103RCT6\Prj\IAR\Debug\Obj\stm32f10x_exti.o
#        E:\Work\CodeGit\STM32F103RCT6\Prj\IAR\Debug\Obj\stm32f10x_flash.o
#        E:\Work\CodeGit\STM32F103RCT6\Prj\IAR\Debug\Obj\stm32f10x_fsmc.o
#        E:\Work\CodeGit\STM32F103RCT6\Prj\IAR\Debug\Obj\stm32f10x_gpio.o
#        E:\Work\CodeGit\STM32F103RCT6\Prj\IAR\Debug\Obj\stm32f10x_i2c.o
#        E:\Work\CodeGit\STM32F103RCT6\Prj\IAR\Debug\Obj\stm32f10x_it.o
#        E:\Work\CodeGit\STM32F103RCT6\Prj\IAR\Debug\Obj\stm32f10x_iwdg.o
#        E:\Work\CodeGit\STM32F103RCT6\Prj\IAR\Debug\Obj\stm32f10x_pwr.o
#        E:\Work\CodeGit\STM32F103RCT6\Prj\IAR\Debug\Obj\stm32f10x_rtc.o
#        E:\Work\CodeGit\STM32F103RCT6\Prj\IAR\Debug\Obj\stm32f10x_sdio.o
#        E:\Work\CodeGit\STM32F103RCT6\Prj\IAR\Debug\Obj\stm32f10x_spi.o
#        E:\Work\CodeGit\STM32F103RCT6\Prj\IAR\Debug\Obj\stm32f10x_tim.o
#        E:\Work\CodeGit\STM32F103RCT6\Prj\IAR\Debug\Obj\stm32f10x_usart.o
#        E:\Work\CodeGit\STM32F103RCT6\Prj\IAR\Debug\Obj\stm32f10x_wwdg.o
#        E:\Work\CodeGit\STM32F103RCT6\Prj\IAR\Debug\Obj\system_stm32f10x.o
#        --no_out_extension -o
#        E:\Work\CodeGit\STM32F103RCT6\Prj\IAR\Debug\Exe\STM32F103RCT6.out
#        --map
#        E:\Work\CodeGit\STM32F103RCT6\Prj\IAR\Debug\List\STM32F103RCT6.map
#        --config E:\Work\CodeGit\STM32F103RCT6\Prj\IAR\stm32f103xC.icf
#        --semihosting --entry __iar_program_start --vfe --text_out locale)
#
###############################################################################

*******************************************************************************
*** RUNTIME MODEL ATTRIBUTES
***

CppFlavor       = *
__SystemLibrary = DLib
__dlib_version  = 6


*******************************************************************************
*** HEAP SELECTION
***

The basic heap was selected because no calls to memory allocation
functions were found in the application outside of system library
functions, and there are calls to deallocation functions in the
application.


*******************************************************************************
*** PLACEMENT SUMMARY
***

"A0":  place at 0x800'0000 { ro section .intvec };
"P1":  place in [from 0x800'0000 to 0x803'ffff] { ro };
define block CSTACK with size = 4K, alignment = 8 { };
define block HEAP with size = 4K, alignment = 8 { };
"P2":  place in [from 0x2000'0000 to 0x2000'bfff] {
          rw, block CSTACK, block HEAP };

No sections matched the following patterns:

  rw  in "P2"


  Section   Kind         Address    Size  Object
  -------   ----         -------    ----  ------
"A0":                              0x130
  .intvec   ro code   0x800'0000   0x130  startup_stm32f10x_hd.o [1]
                    - 0x800'0130   0x130

"P1":                              0x160
  .text     ro code   0x800'0130    0x1e  cmain.o [3]
  .text     ro code   0x800'014e     0x4  low_level_init.o [2]
  .text     ro code   0x800'0152     0x4  main.o [1]
  .text     ro code   0x800'0156     0x4  exit.o [2]
  .text     ro code   0x800'015a    0x12  stm32f10x_it.o [1]
  .text     ro code   0x800'016c     0xa  cexit.o [3]
  .text     ro code   0x800'0178    0x14  exit.o [4]
  .text     ro code   0x800'018c     0xc  cstartup_M.o [3]
  .text     ro code   0x800'0198     0x8  startup_stm32f10x_hd.o [1]
  .text     ro code   0x800'01a0     0x4  startup_stm32f10x_hd.o [1]
  .text     ro code   0x800'01a4     0x4  startup_stm32f10x_hd.o [1]
  .text     ro code   0x800'01a8     0x4  startup_stm32f10x_hd.o [1]
  .text     ro code   0x800'01ac     0x4  startup_stm32f10x_hd.o [1]
  .text     ro code   0x800'01b0     0x4  startup_stm32f10x_hd.o [1]
  .text     ro code   0x800'01b4     0x4  startup_stm32f10x_hd.o [1]
  .text     ro code   0x800'01b8     0x4  startup_stm32f10x_hd.o [1]
  .text     ro code   0x800'01bc     0x4  startup_stm32f10x_hd.o [1]
  .text     ro code   0x800'01c0     0x4  startup_stm32f10x_hd.o [1]
  .text     ro code   0x800'01c4     0x4  startup_stm32f10x_hd.o [1]
  .text     ro code   0x800'01c8     0x4  startup_stm32f10x_hd.o [1]
  .text     ro code   0x800'01cc     0x4  startup_stm32f10x_hd.o [1]
  .text     ro code   0x800'01d0     0x4  startup_stm32f10x_hd.o [1]
  .text     ro code   0x800'01d4     0x4  startup_stm32f10x_hd.o [1]
  .text     ro code   0x800'01d8     0x4  startup_stm32f10x_hd.o [1]
  .text     ro code   0x800'01dc     0x4  startup_stm32f10x_hd.o [1]
  .text     ro code   0x800'01e0     0x4  startup_stm32f10x_hd.o [1]
  .text     ro code   0x800'01e4     0x4  startup_stm32f10x_hd.o [1]
  .text     ro code   0x800'01e8     0x4  startup_stm32f10x_hd.o [1]
  .text     ro code   0x800'01ec     0x4  startup_stm32f10x_hd.o [1]
  .text     ro code   0x800'01f0     0x4  startup_stm32f10x_hd.o [1]
  .text     ro code   0x800'01f4     0x4  startup_stm32f10x_hd.o [1]
  .text     ro code   0x800'01f8     0x4  startup_stm32f10x_hd.o [1]
  .text     ro code   0x800'01fc     0x4  startup_stm32f10x_hd.o [1]
  .text     ro code   0x800'0200     0x4  startup_stm32f10x_hd.o [1]
  .text     ro code   0x800'0204     0x4  startup_stm32f10x_hd.o [1]
  .text     ro code   0x800'0208     0x4  startup_stm32f10x_hd.o [1]
  .text     ro code   0x800'020c     0x4  startup_stm32f10x_hd.o [1]
  .text     ro code   0x800'0210     0x4  startup_stm32f10x_hd.o [1]
  .text     ro code   0x800'0214     0x4  startup_stm32f10x_hd.o [1]
  .text     ro code   0x800'0218     0x4  startup_stm32f10x_hd.o [1]
  .text     ro code   0x800'021c     0x4  startup_stm32f10x_hd.o [1]
  .text     ro code   0x800'0220     0x4  startup_stm32f10x_hd.o [1]
  .text     ro code   0x800'0224     0x4  startup_stm32f10x_hd.o [1]
  .text     ro code   0x800'0228     0x4  startup_stm32f10x_hd.o [1]
  .text     ro code   0x800'022c     0x4  startup_stm32f10x_hd.o [1]
  .text     ro code   0x800'0230     0x4  startup_stm32f10x_hd.o [1]
  .text     ro code   0x800'0234     0x4  startup_stm32f10x_hd.o [1]
  .text     ro code   0x800'0238     0x4  startup_stm32f10x_hd.o [1]
  .text     ro code   0x800'023c     0x4  startup_stm32f10x_hd.o [1]
  .text     ro code   0x800'0240     0x4  startup_stm32f10x_hd.o [1]
  .text     ro code   0x800'0244     0x4  startup_stm32f10x_hd.o [1]
  .text     ro code   0x800'0248     0x4  startup_stm32f10x_hd.o [1]
  .text     ro code   0x800'024c     0x4  startup_stm32f10x_hd.o [1]
  .text     ro code   0x800'0250     0x4  startup_stm32f10x_hd.o [1]
  .text     ro code   0x800'0254     0x4  startup_stm32f10x_hd.o [1]
  .text     ro code   0x800'0258     0x4  startup_stm32f10x_hd.o [1]
  .text     ro code   0x800'025c     0x4  startup_stm32f10x_hd.o [1]
  .text     ro code   0x800'0260     0x4  startup_stm32f10x_hd.o [1]
  .text     ro code   0x800'0264     0x4  startup_stm32f10x_hd.o [1]
  .text     ro code   0x800'0268     0x4  startup_stm32f10x_hd.o [1]
  .text     ro code   0x800'026c     0x4  startup_stm32f10x_hd.o [1]
  .text     ro code   0x800'0270     0x4  startup_stm32f10x_hd.o [1]
  .text     ro code   0x800'0274     0x4  startup_stm32f10x_hd.o [1]
  .text     ro code   0x800'0278     0x4  startup_stm32f10x_hd.o [1]
  .text     ro code   0x800'027c     0x4  startup_stm32f10x_hd.o [1]
  .text     ro code   0x800'0280     0x4  startup_stm32f10x_hd.o [1]
  .text     ro code   0x800'0284     0x4  startup_stm32f10x_hd.o [1]
  .text     ro code   0x800'0288     0x4  startup_stm32f10x_hd.o [1]
  .text     ro code   0x800'028c     0x4  startup_stm32f10x_hd.o [1]
                    - 0x800'0290   0x160

"P2":                             0x1000
  CSTACK             0x2000'0000  0x1000  <Block>
    CSTACK  uninit   0x2000'0000  0x1000  <Block tail>
                   - 0x2000'1000  0x1000

Unused ranges:

         From           To      Size
         ----           --      ----
   0x800'0290   0x803'ffff  0x3'fd70
  0x2000'1000  0x2000'bfff    0xb000



*******************************************************************************
*** MODULE SUMMARY
***

    Module                  ro code  rw data
    ------                  -------  -------
command line/config:
    ----------------------------------------
    Total:

E:\Work\CodeGit\STM32F103RCT6\Prj\IAR\Debug\Obj: [1]
    main.o                        4
    startup_stm32f10x_hd.o      552
    stm32f10x_it.o               18
    ----------------------------------------
    Total:                      574

dl7M_tln.a: [2]
    exit.o                        4
    low_level_init.o              4
    ----------------------------------------
    Total:                        8

rt7M_tl.a: [3]
    cexit.o                      10
    cmain.o                      30
    cstartup_M.o                 12
    ----------------------------------------
    Total:                       52

shb_l.a: [4]
    exit.o                       20
    ----------------------------------------
    Total:                       20

    Gaps                          2
    Linker created                     4 096
--------------------------------------------
    Grand Total:                656    4 096


*******************************************************************************
*** ENTRY LIST
***

Entry                     Address  Size  Type      Object
-----                     -------  ----  ----      ------
?main                  0x800'0131        Code  Gb  cmain.o [3]
BusFault_Handler       0x800'0161   0x2  Code  Gb  stm32f10x_it.o [1]
CSTACK$$Base          0x2000'0000         --   Gb  - Linker created -
CSTACK$$Limit         0x2000'1000         --   Gb  - Linker created -
DebugMon_Handler       0x800'0167   0x2  Code  Gb  stm32f10x_it.o [1]
HardFault_Handler      0x800'015d   0x2  Code  Gb  stm32f10x_it.o [1]
MemManage_Handler      0x800'015f   0x2  Code  Gb  stm32f10x_it.o [1]
NMI_Handler            0x800'015b   0x2  Code  Gb  stm32f10x_it.o [1]
PendSV_Handler         0x800'0169   0x2  Code  Gb  stm32f10x_it.o [1]
Region$$Table$$Base           0x0         --   Gb  - Linker created -
Region$$Table$$Limit          0x0         --   Gb  - Linker created -
SVC_Handler            0x800'0165   0x2  Code  Gb  stm32f10x_it.o [1]
SysTick_Handler        0x800'016b   0x2  Code  Gb  stm32f10x_it.o [1]
UsageFault_Handler     0x800'0163   0x2  Code  Gb  stm32f10x_it.o [1]
__cmain                0x800'0131        Code  Gb  cmain.o [3]
__exit                 0x800'0179  0x14  Code  Gb  exit.o [4]
__iar_program_start    0x800'018d        Code  Gb  cstartup_M.o [3]
__low_level_init       0x800'014f   0x4  Code  Gb  low_level_init.o [2]
__vector_table         0x800'0000        Data  Gb  startup_stm32f10x_hd.o [1]
_call_main             0x800'013d        Code  Gb  cmain.o [3]
_exit                  0x800'016d        Code  Gb  cexit.o [3]
_main                  0x800'014b        Code  Gb  cmain.o [3]
exit                   0x800'0157   0x4  Code  Gb  exit.o [2]
main                   0x800'0153   0x4  Code  Gb  main.o [1]


[1] = E:\Work\CodeGit\STM32F103RCT6\Prj\IAR\Debug\Obj
[2] = dl7M_tln.a
[3] = rt7M_tl.a
[4] = shb_l.a

    656 bytes of readonly  code memory
  4 096 bytes of readwrite data memory

Errors: none
Warnings: none
